dsfd



dsfd



dsfd



dsfd



dsfd



dsfd



dsfd



dsfd



